// Jest Snapshot v1, https://goo.gl/fbAQLP

exports[`Testing interaction and snaption of calculator button Calculator button snapshot 1`] = `
<div
  className="col-md-3 btn_number"
  id="0"
  onClick={[Function]}
>
  <p
    className="text-center"
  >
     
    0
  </p>
</div>
`;
