// Jest Snapshot v1, https://goo.gl/fbAQLP

exports[`Testing snapshot of quotesView Snapshot of quotes view 1`] = `
<div
  className="m-4"
>
  <p>
    Justo urna potenti urna massa dignissimnullam sollicitudinduis diampellentesque dignissim ipsumpraesent. Diampellentesque ridiculus suspendisse leo non dictumst pellentesque inceptos maecenas interdum suspendisse molestie. Imperdiet sempellentesque porta euismod mollisfusce tinciduntsed vivamus iaculis diam duis fringilla tortornulla maecenas muspraesent platea. Mus est efficitur arcucurabitur euismod leoetiam cubilia ac dui ex. Class tinciduntsed turpisetiam volutpatvestibulum quis magnased vulputate fermentum utvestibulum arcucurabitur ligulanunc. Neque eratnulla tinciduntsed torquent accumsanpellentesque tincidunt eu mauris arcu mattis aliquam
  </p>
</div>
`;
